pipdeptree==2.0.0b1
  - pip [required: >=6.0.0, installed: 20.3.3]
setuptools==51.0.0
wheel==0.36.2
