Flask==0.10.1
  - itsdangerous [required: >=0.21, installed: 0.24]
  - Jinja2 [required: >=2.4, installed: 2.11.2]
    - MarkupSafe [required: >=0.23, installed: 0.22]
  - Werkzeug [required: >=0.7, installed: 0.11.2]
pipdeptree==2.0.0b1
  - pip [required: >=6.0.0, installed: 20.2.3]
setuptools==51.0.0
wheel==0.36.2
