itsdangerous==0.24
  - Flask==0.10.1 [requires: itsdangerous>=0.21]
MarkupSafe==0.22
  - Jinja2==2.11.2 [requires: MarkupSafe>=0.23]
    - Flask==0.10.1 [requires: Jinja2>=2.4]
pip==20.2.3
  - pipdeptree==2.0.0b1 [requires: pip>=6.0.0]
setuptools==51.0.0
Werkzeug==0.11.2
  - Flask==0.10.1 [requires: Werkzeug>=0.7]
wheel==0.36.2
